Inicializando Texture Test Arena...
[RHI Dispatcher] Conectando V-Table Pointers pro DirectX 11.
